// Jest Snapshot v1, https://goo.gl/fbAQLP

exports[`<Header /> Should render the footer 1`] = `
<header>
  <a
    href="/"
  >
    Home
  </a>
   
  <a
    href="/blog"
  >
    Blog
  </a>
   
  <a
    href="/about"
  >
    About
  </a>
</header>
`
