// Jest Snapshot v1, https://goo.gl/fbAQLP

exports[`<Header /> Should render the footer 1`] = `
.c0 {
  width: 100%;
  height: 100px;
  border-top: 1px solid #eaeaea;
  display: -webkit-box;
  display: -webkit-flex;
  display: -ms-flexbox;
  display: flex;
  -webkit-box-pack: space-around;
  -webkit-justify-content: space-around;
  -ms-flex-pack: space-around;
  justify-content: space-around;
  -webkit-align-items: center;
  -webkit-box-align: center;
  -ms-flex-align: center;
  align-items: center;
}

<header
  class="c0"
>
  Header
</header>
`
