// Jest Snapshot v1, https://goo.gl/fbAQLP

exports[`<Footer /> Should render the footer 1`] = `
.c0 {
  width: 100%;
  height: 100px;
  border-top: 1px solid #eaeaea;
  display: -webkit-box;
  display: -webkit-flex;
  display: -ms-flexbox;
  display: flex;
  -webkit-box-pack: center;
  -webkit-justify-content: center;
  -ms-flex-pack: center;
  justify-content: center;
  -webkit-align-items: center;
  -webkit-box-align: center;
  -ms-flex-align: center;
  align-items: center;
}

<footer
  class="c0"
/>
`
